Archive member included to satisfy reference by file (symbol)

c:/st/stm32cubeide_1.0.0/stm32cubeide/plugins/com.st.stm32cube.ide.mcu.externaltools.gnu-tools-for-stm32.7-2018-q2-update.win32_1.0.0.201904181610/tools/bin/../lib/gcc/arm-none-eabi/7.3.1/../../../../arm-none-eabi/lib/thumb/v7e-m/fpv4-sp/hard\libc_nano.a(lib_a-errno.o)
                              Src/syscalls.o (__errno)
c:/st/stm32cubeide_1.0.0/stm32cubeide/plugins/com.st.stm32cube.ide.mcu.externaltools.gnu-tools-for-stm32.7-2018-q2-update.win32_1.0.0.201904181610/tools/bin/../lib/gcc/arm-none-eabi/7.3.1/../../../../arm-none-eabi/lib/thumb/v7e-m/fpv4-sp/hard\libc_nano.a(lib_a-exit.o)
                              c:/st/stm32cubeide_1.0.0/stm32cubeide/plugins/com.st.stm32cube.ide.mcu.externaltools.gnu-tools-for-stm32.7-2018-q2-update.win32_1.0.0.201904181610/tools/bin/../lib/gcc/arm-none-eabi/7.3.1/../../../../arm-none-eabi/lib/thumb/v7e-m/fpv4-sp/hard/crt0.o (exit)
c:/st/stm32cubeide_1.0.0/stm32cubeide/plugins/com.st.stm32cube.ide.mcu.externaltools.gnu-tools-for-stm32.7-2018-q2-update.win32_1.0.0.201904181610/tools/bin/../lib/gcc/arm-none-eabi/7.3.1/../../../../arm-none-eabi/lib/thumb/v7e-m/fpv4-sp/hard\libc_nano.a(lib_a-impure.o)
                              c:/st/stm32cubeide_1.0.0/stm32cubeide/plugins/com.st.stm32cube.ide.mcu.externaltools.gnu-tools-for-stm32.7-2018-q2-update.win32_1.0.0.201904181610/tools/bin/../lib/gcc/arm-none-eabi/7.3.1/../../../../arm-none-eabi/lib/thumb/v7e-m/fpv4-sp/hard\libc_nano.a(lib_a-exit.o) (_global_impure_ptr)
c:/st/stm32cubeide_1.0.0/stm32cubeide/plugins/com.st.stm32cube.ide.mcu.externaltools.gnu-tools-for-stm32.7-2018-q2-update.win32_1.0.0.201904181610/tools/bin/../lib/gcc/arm-none-eabi/7.3.1/../../../../arm-none-eabi/lib/thumb/v7e-m/fpv4-sp/hard\libc_nano.a(lib_a-init.o)
                              c:/st/stm32cubeide_1.0.0/stm32cubeide/plugins/com.st.stm32cube.ide.mcu.externaltools.gnu-tools-for-stm32.7-2018-q2-update.win32_1.0.0.201904181610/tools/bin/../lib/gcc/arm-none-eabi/7.3.1/../../../../arm-none-eabi/lib/thumb/v7e-m/fpv4-sp/hard/crt0.o (__libc_init_array)
c:/st/stm32cubeide_1.0.0/stm32cubeide/plugins/com.st.stm32cube.ide.mcu.externaltools.gnu-tools-for-stm32.7-2018-q2-update.win32_1.0.0.201904181610/tools/bin/../lib/gcc/arm-none-eabi/7.3.1/../../../../arm-none-eabi/lib/thumb/v7e-m/fpv4-sp/hard\libc_nano.a(lib_a-memcpy-stub.o)
                              Src/as7265x.o (memcpy)
c:/st/stm32cubeide_1.0.0/stm32cubeide/plugins/com.st.stm32cube.ide.mcu.externaltools.gnu-tools-for-stm32.7-2018-q2-update.win32_1.0.0.201904181610/tools/bin/../lib/gcc/arm-none-eabi/7.3.1/../../../../arm-none-eabi/lib/thumb/v7e-m/fpv4-sp/hard\libc_nano.a(lib_a-memset.o)
                              c:/st/stm32cubeide_1.0.0/stm32cubeide/plugins/com.st.stm32cube.ide.mcu.externaltools.gnu-tools-for-stm32.7-2018-q2-update.win32_1.0.0.201904181610/tools/bin/../lib/gcc/arm-none-eabi/7.3.1/../../../../arm-none-eabi/lib/thumb/v7e-m/fpv4-sp/hard/crt0.o (memset)
c:/st/stm32cubeide_1.0.0/stm32cubeide/plugins/com.st.stm32cube.ide.mcu.externaltools.gnu-tools-for-stm32.7-2018-q2-update.win32_1.0.0.201904181610/tools/bin/../lib/gcc/arm-none-eabi/7.3.1/thumb/v7e-m/fpv4-sp/hard\libgcc.a(_aeabi_uldivmod.o)
                              Drivers/STM32F4xx_HAL_Driver/Src/stm32f4xx_hal_rcc.o (__aeabi_uldivmod)
c:/st/stm32cubeide_1.0.0/stm32cubeide/plugins/com.st.stm32cube.ide.mcu.externaltools.gnu-tools-for-stm32.7-2018-q2-update.win32_1.0.0.201904181610/tools/bin/../lib/gcc/arm-none-eabi/7.3.1/thumb/v7e-m/fpv4-sp/hard\libgcc.a(_udivmoddi4.o)
                              c:/st/stm32cubeide_1.0.0/stm32cubeide/plugins/com.st.stm32cube.ide.mcu.externaltools.gnu-tools-for-stm32.7-2018-q2-update.win32_1.0.0.201904181610/tools/bin/../lib/gcc/arm-none-eabi/7.3.1/thumb/v7e-m/fpv4-sp/hard\libgcc.a(_aeabi_uldivmod.o) (__udivmoddi4)
c:/st/stm32cubeide_1.0.0/stm32cubeide/plugins/com.st.stm32cube.ide.mcu.externaltools.gnu-tools-for-stm32.7-2018-q2-update.win32_1.0.0.201904181610/tools/bin/../lib/gcc/arm-none-eabi/7.3.1/thumb/v7e-m/fpv4-sp/hard\libgcc.a(_dvmd_tls.o)
                              c:/st/stm32cubeide_1.0.0/stm32cubeide/plugins/com.st.stm32cube.ide.mcu.externaltools.gnu-tools-for-stm32.7-2018-q2-update.win32_1.0.0.201904181610/tools/bin/../lib/gcc/arm-none-eabi/7.3.1/thumb/v7e-m/fpv4-sp/hard\libgcc.a(_aeabi_uldivmod.o) (__aeabi_ldiv0)

Allocating common symbols
Common symbol       size              file

calibrated_channels
                    0x48              Src/main.o
hi2c1               0x54              Src/as7265x.o
uwTick              0x4               Drivers/STM32F4xx_HAL_Driver/Src/stm32f4xx_hal.o
pFlash              0x20              Drivers/STM32F4xx_HAL_Driver/Src/stm32f4xx_hal_flash.o
raw_channels        0x24              Src/main.o
as7265x_channel_union_t
                    0x48              Src/as7265x.o

Discarded input sections

[...]
Memory Configuration

Name             Origin             Length             Attributes
FLASH            0x0000000008000000 0x0000000000200000 xr
CCMRAM           0x0000000010000000 0x0000000000010000 xrw
RAM              0x0000000020000000 0x0000000000030000 xrw
*default*        0x0000000000000000 0xffffffffffffffff

Linker script and memory map

LOAD c:/st/stm32cubeide_1.0.0/stm32cubeide/plugins/com.st.stm32cube.ide.mcu.externaltools.gnu-tools-for-stm32.7-2018-q2-update.win32_1.0.0.201904181610/tools/bin/../lib/gcc/arm-none-eabi/7.3.1/thumb/v7e-m/fpv4-sp/hard/crti.o
LOAD c:/st/stm32cubeide_1.0.0/stm32cubeide/plugins/com.st.stm32cube.ide.mcu.externaltools.gnu-tools-for-stm32.7-2018-q2-update.win32_1.0.0.201904181610/tools/bin/../lib/gcc/arm-none-eabi/7.3.1/thumb/v7e-m/fpv4-sp/hard/crtbegin.o
LOAD c:/st/stm32cubeide_1.0.0/stm32cubeide/plugins/com.st.stm32cube.ide.mcu.externaltools.gnu-tools-for-stm32.7-2018-q2-update.win32_1.0.0.201904181610/tools/bin/../lib/gcc/arm-none-eabi/7.3.1/../../../../arm-none-eabi/lib/thumb/v7e-m/fpv4-sp/hard/crt0.o
LOAD Drivers/STM32F4xx_HAL_Driver/Src/stm32f4xx_hal.o
LOAD Drivers/STM32F4xx_HAL_Driver/Src/stm32f4xx_hal_cortex.o
LOAD Drivers/STM32F4xx_HAL_Driver/Src/stm32f4xx_hal_dma.o
LOAD Drivers/STM32F4xx_HAL_Driver/Src/stm32f4xx_hal_dma_ex.o
LOAD Drivers/STM32F4xx_HAL_Driver/Src/stm32f4xx_hal_exti.o
LOAD Drivers/STM32F4xx_HAL_Driver/Src/stm32f4xx_hal_flash.o
LOAD Drivers/STM32F4xx_HAL_Driver/Src/stm32f4xx_hal_flash_ex.o
LOAD Drivers/STM32F4xx_HAL_Driver/Src/stm32f4xx_hal_flash_ramfunc.o
LOAD Drivers/STM32F4xx_HAL_Driver/Src/stm32f4xx_hal_gpio.o
LOAD Drivers/STM32F4xx_HAL_Driver/Src/stm32f4xx_hal_i2c.o
LOAD Drivers/STM32F4xx_HAL_Driver/Src/stm32f4xx_hal_i2c_ex.o
LOAD Drivers/STM32F4xx_HAL_Driver/Src/stm32f4xx_hal_pwr.o
LOAD Drivers/STM32F4xx_HAL_Driver/Src/stm32f4xx_hal_pwr_ex.o
LOAD Drivers/STM32F4xx_HAL_Driver/Src/stm32f4xx_hal_rcc.o
LOAD Drivers/STM32F4xx_HAL_Driver/Src/stm32f4xx_hal_rcc_ex.o
LOAD Drivers/STM32F4xx_HAL_Driver/Src/stm32f4xx_hal_tim.o
LOAD Drivers/STM32F4xx_HAL_Driver/Src/stm32f4xx_hal_tim_ex.o
LOAD Src/as7265x.o
LOAD Src/main.o
LOAD Src/stm32f4xx_hal_msp.o
LOAD Src/stm32f4xx_it.o
LOAD Src/syscalls.o
LOAD Src/sysmem.o
LOAD Src/system_stm32f4xx.o
LOAD Startup/startup_stm32f429zitx.o
START GROUP
LOAD c:/st/stm32cubeide_1.0.0/stm32cubeide/plugins/com.st.stm32cube.ide.mcu.externaltools.gnu-tools-for-stm32.7-2018-q2-update.win32_1.0.0.201904181610/tools/bin/../lib/gcc/arm-none-eabi/7.3.1/../../../../arm-none-eabi/lib/thumb/v7e-m/fpv4-sp/hard\libc_nano.a
LOAD c:/st/stm32cubeide_1.0.0/stm32cubeide/plugins/com.st.stm32cube.ide.mcu.externaltools.gnu-tools-for-stm32.7-2018-q2-update.win32_1.0.0.201904181610/tools/bin/../lib/gcc/arm-none-eabi/7.3.1/../../../../arm-none-eabi/lib/thumb/v7e-m/fpv4-sp/hard\libm.a
END GROUP
START GROUP
LOAD c:/st/stm32cubeide_1.0.0/stm32cubeide/plugins/com.st.stm32cube.ide.mcu.externaltools.gnu-tools-for-stm32.7-2018-q2-update.win32_1.0.0.201904181610/tools/bin/../lib/gcc/arm-none-eabi/7.3.1/thumb/v7e-m/fpv4-sp/hard\libgcc.a
LOAD c:/st/stm32cubeide_1.0.0/stm32cubeide/plugins/com.st.stm32cube.ide.mcu.externaltools.gnu-tools-for-stm32.7-2018-q2-update.win32_1.0.0.201904181610/tools/bin/../lib/gcc/arm-none-eabi/7.3.1/../../../../arm-none-eabi/lib/thumb/v7e-m/fpv4-sp/hard\libc_nano.a
END GROUP
START GROUP
LOAD c:/st/stm32cubeide_1.0.0/stm32cubeide/plugins/com.st.stm32cube.ide.mcu.externaltools.gnu-tools-for-stm32.7-2018-q2-update.win32_1.0.0.201904181610/tools/bin/../lib/gcc/arm-none-eabi/7.3.1/thumb/v7e-m/fpv4-sp/hard\libgcc.a
LOAD c:/st/stm32cubeide_1.0.0/stm32cubeide/plugins/com.st.stm32cube.ide.mcu.externaltools.gnu-tools-for-stm32.7-2018-q2-update.win32_1.0.0.201904181610/tools/bin/../lib/gcc/arm-none-eabi/7.3.1/../../../../arm-none-eabi/lib/thumb/v7e-m/fpv4-sp/hard\libc_nano.a
LOAD c:/st/stm32cubeide_1.0.0/stm32cubeide/plugins/com.st.stm32cube.ide.mcu.externaltools.gnu-tools-for-stm32.7-2018-q2-update.win32_1.0.0.201904181610/tools/bin/../lib/gcc/arm-none-eabi/7.3.1/../../../../arm-none-eabi/lib/thumb/v7e-m/fpv4-sp/hard\libnosys.a
END GROUP
START GROUP
LOAD c:/st/stm32cubeide_1.0.0/stm32cubeide/plugins/com.st.stm32cube.ide.mcu.externaltools.gnu-tools-for-stm32.7-2018-q2-update.win32_1.0.0.201904181610/tools/bin/../lib/gcc/arm-none-eabi/7.3.1/thumb/v7e-m/fpv4-sp/hard\libgcc.a
LOAD c:/st/stm32cubeide_1.0.0/stm32cubeide/plugins/com.st.stm32cube.ide.mcu.externaltools.gnu-tools-for-stm32.7-2018-q2-update.win32_1.0.0.201904181610/tools/bin/../lib/gcc/arm-none-eabi/7.3.1/../../../../arm-none-eabi/lib/thumb/v7e-m/fpv4-sp/hard\libc_nano.a
LOAD c:/st/stm32cubeide_1.0.0/stm32cubeide/plugins/com.st.stm32cube.ide.mcu.externaltools.gnu-tools-for-stm32.7-2018-q2-update.win32_1.0.0.201904181610/tools/bin/../lib/gcc/arm-none-eabi/7.3.1/../../../../arm-none-eabi/lib/thumb/v7e-m/fpv4-sp/hard\libnosys.a
END GROUP
LOAD c:/st/stm32cubeide_1.0.0/stm32cubeide/plugins/com.st.stm32cube.ide.mcu.externaltools.gnu-tools-for-stm32.7-2018-q2-update.win32_1.0.0.201904181610/tools/bin/../lib/gcc/arm-none-eabi/7.3.1/thumb/v7e-m/fpv4-sp/hard/crtend.o
LOAD c:/st/stm32cubeide_1.0.0/stm32cubeide/plugins/com.st.stm32cube.ide.mcu.externaltools.gnu-tools-for-stm32.7-2018-q2-update.win32_1.0.0.201904181610/tools/bin/../lib/gcc/arm-none-eabi/7.3.1/thumb/v7e-m/fpv4-sp/hard/crtn.o
                0x0000000020030000                _estack = 0x20030000
                0x0000000000000200                _Min_Heap_Size = 0x200
                0x0000000000000400                _Min_Stack_Size = 0x400

.isr_vector     0x0000000008000000      0x1ac
                0x0000000008000000                . = ALIGN (0x4)
 *(.isr_vector)
 .isr_vector    0x0000000008000000      0x1ac Startup/startup_stm32f429zitx.o
                0x0000000008000000                g_pfnVectors
                0x00000000080001ac                . = ALIGN (0x4)

.text           0x00000000080001ac     0x2c14
                0x00000000080001ac                . = ALIGN (0x4)
 *(.text)
 .text          0x00000000080001ac       0x40 c:/st/stm32cubeide_1.0.0/stm32cubeide/plugins/com.st.stm32cube.ide.mcu.externaltools.gnu-tools-for-stm32.7-2018-q2-update.win32_1.0.0.201904181610/tools/bin/../lib/gcc/arm-none-eabi/7.3.1/thumb/v7e-m/fpv4-sp/hard/crtbegin.o
 .text          0x00000000080001ec       0x30 c:/st/stm32cubeide_1.0.0/stm32cubeide/plugins/com.st.stm32cube.ide.mcu.externaltools.gnu-tools-for-stm32.7-2018-q2-update.win32_1.0.0.201904181610/tools/bin/../lib/gcc/arm-none-eabi/7.3.1/thumb/v7e-m/fpv4-sp/hard\libgcc.a(_aeabi_uldivmod.o)
                0x00000000080001ec                __aeabi_uldivmod
 .text          0x000000000800021c      0x2cc c:/st/stm32cubeide_1.0.0/stm32cubeide/plugins/com.st.stm32cube.ide.mcu.externaltools.gnu-tools-for-stm32.7-2018-q2-update.win32_1.0.0.201904181610/tools/bin/../lib/gcc/arm-none-eabi/7.3.1/thumb/v7e-m/fpv4-sp/hard\libgcc.a(_udivmoddi4.o)
                0x000000000800021c                __udivmoddi4
 .text          0x00000000080004e8        0x4 c:/st/stm32cubeide_1.0.0/stm32cubeide/plugins/com.st.stm32cube.ide.mcu.externaltools.gnu-tools-for-stm32.7-2018-q2-update.win32_1.0.0.201904181610/tools/bin/../lib/gcc/arm-none-eabi/7.3.1/thumb/v7e-m/fpv4-sp/hard\libgcc.a(_dvmd_tls.o)
                0x00000000080004e8                __aeabi_idiv0
                0x00000000080004e8                __aeabi_ldiv0
 *(.text*)
 .text.HAL_Init
                0x00000000080004ec       0x44 Drivers/STM32F4xx_HAL_Driver/Src/stm32f4xx_hal.o
                0x00000000080004ec                HAL_Init
 .text.HAL_InitTick
                0x0000000008000530       0x60 Drivers/STM32F4xx_HAL_Driver/Src/stm32f4xx_hal.o
                0x0000000008000530                HAL_InitTick
 .text.HAL_IncTick
                0x0000000008000590       0x28 Drivers/STM32F4xx_HAL_Driver/Src/stm32f4xx_hal.o
                0x0000000008000590                HAL_IncTick
 .text.HAL_GetTick
                0x00000000080005b8       0x18 Drivers/STM32F4xx_HAL_Driver/Src/stm32f4xx_hal.o
                0x00000000080005b8                HAL_GetTick
 .text.HAL_Delay
                0x00000000080005d0       0x44 Drivers/STM32F4xx_HAL_Driver/Src/stm32f4xx_hal.o
                0x00000000080005d0                HAL_Delay
 .text.__NVIC_SetPriorityGrouping
                0x0000000008000614       0x48 Drivers/STM32F4xx_HAL_Driver/Src/stm32f4xx_hal_cortex.o
 .text.__NVIC_GetPriorityGrouping
                0x000000000800065c       0x1c Drivers/STM32F4xx_HAL_Driver/Src/stm32f4xx_hal_cortex.o
 .text.__NVIC_SetPriority
                0x0000000008000678       0x54 Drivers/STM32F4xx_HAL_Driver/Src/stm32f4xx_hal_cortex.o
 .text.NVIC_EncodePriority
                0x00000000080006cc       0x66 Drivers/STM32F4xx_HAL_Driver/Src/stm32f4xx_hal_cortex.o
 *fill*         0x0000000008000732        0x2 
 .text.SysTick_Config
                0x0000000008000734       0x44 Drivers/STM32F4xx_HAL_Driver/Src/stm32f4xx_hal_cortex.o
 .text.HAL_NVIC_SetPriorityGrouping
                0x0000000008000778       0x16 Drivers/STM32F4xx_HAL_Driver/Src/stm32f4xx_hal_cortex.o
                0x0000000008000778                HAL_NVIC_SetPriorityGrouping
 .text.HAL_NVIC_SetPriority
                0x000000000800078e       0x38 Drivers/STM32F4xx_HAL_Driver/Src/stm32f4xx_hal_cortex.o
                0x000000000800078e                HAL_NVIC_SetPriority
 .text.HAL_SYSTICK_Config
                0x00000000080007c6       0x18 Drivers/STM32F4xx_HAL_Driver/Src/stm32f4xx_hal_cortex.o
                0x00000000080007c6                HAL_SYSTICK_Config
 *fill*         0x00000000080007de        0x2 
 .text.HAL_GPIO_Init
                0x00000000080007e0      0x354 Drivers/STM32F4xx_HAL_Driver/Src/stm32f4xx_hal_gpio.o
                0x00000000080007e0                HAL_GPIO_Init
 .text.HAL_GPIO_WritePin
                0x0000000008000b34       0x32 Drivers/STM32F4xx_HAL_Driver/Src/stm32f4xx_hal_gpio.o
                0x0000000008000b34                HAL_GPIO_WritePin
 .text.HAL_GPIO_TogglePin
                0x0000000008000b66       0x36 Drivers/STM32F4xx_HAL_Driver/Src/stm32f4xx_hal_gpio.o
                0x0000000008000b66                HAL_GPIO_TogglePin
 .text.HAL_I2C_Init
                0x0000000008000b9c      0x250 Drivers/STM32F4xx_HAL_Driver/Src/stm32f4xx_hal_i2c.o
                0x0000000008000b9c                HAL_I2C_Init
 .text.HAL_I2C_Mem_Write
                0x0000000008000dec      0x1f4 Drivers/STM32F4xx_HAL_Driver/Src/stm32f4xx_hal_i2c.o
                0x0000000008000dec                HAL_I2C_Mem_Write
 .text.HAL_I2C_Mem_Read
                0x0000000008000fe0      0x44c Drivers/STM32F4xx_HAL_Driver/Src/stm32f4xx_hal_i2c.o
                0x0000000008000fe0                HAL_I2C_Mem_Read
 .text.I2C_RequestMemoryWrite
                0x000000000800142c      0x114 Drivers/STM32F4xx_HAL_Driver/Src/stm32f4xx_hal_i2c.o
 .text.I2C_RequestMemoryRead
                0x0000000008001540      0x1a0 Drivers/STM32F4xx_HAL_Driver/Src/stm32f4xx_hal_i2c.o
 .text.I2C_WaitOnFlagUntilTimeout
                0x00000000080016e0       0xae Drivers/STM32F4xx_HAL_Driver/Src/stm32f4xx_hal_i2c.o
 .text.I2C_WaitOnMasterAddressFlagUntilTimeout
                0x000000000800178e       0xfe Drivers/STM32F4xx_HAL_Driver/Src/stm32f4xx_hal_i2c.o
 .text.I2C_WaitOnTXEFlagUntilTimeout
                0x000000000800188c       0x82 Drivers/STM32F4xx_HAL_Driver/Src/stm32f4xx_hal_i2c.o
 .text.I2C_WaitOnBTFFlagUntilTimeout
                0x000000000800190e       0x82 Drivers/STM32F4xx_HAL_Driver/Src/stm32f4xx_hal_i2c.o
 .text.I2C_WaitOnRXNEFlagUntilTimeout
                0x0000000008001990       0xac Drivers/STM32F4xx_HAL_Driver/Src/stm32f4xx_hal_i2c.o
 .text.I2C_IsAcknowledgeFailed
                0x0000000008001a3c       0x5e Drivers/STM32F4xx_HAL_Driver/Src/stm32f4xx_hal_i2c.o
 .text.HAL_I2CEx_ConfigAnalogFilter
                0x0000000008001a9a       0x78 Drivers/STM32F4xx_HAL_Driver/Src/stm32f4xx_hal_i2c_ex.o
                0x0000000008001a9a                HAL_I2CEx_ConfigAnalogFilter
 .text.HAL_I2CEx_ConfigDigitalFilter
                0x0000000008001b12       0x7e Drivers/STM32F4xx_HAL_Driver/Src/stm32f4xx_hal_i2c_ex.o
                0x0000000008001b12                HAL_I2CEx_ConfigDigitalFilter
 .text.HAL_PWREx_EnableOverDrive
                0x0000000008001b90       0xa0 Drivers/STM32F4xx_HAL_Driver/Src/stm32f4xx_hal_pwr_ex.o
                0x0000000008001b90                HAL_PWREx_EnableOverDrive
 .text.HAL_RCC_OscConfig
                0x0000000008001c30      0x484 Drivers/STM32F4xx_HAL_Driver/Src/stm32f4xx_hal_rcc.o
                0x0000000008001c30                HAL_RCC_OscConfig
 .text.HAL_RCC_ClockConfig
                0x00000000080020b4      0x1c4 Drivers/STM32F4xx_HAL_Driver/Src/stm32f4xx_hal_rcc.o
                0x00000000080020b4                HAL_RCC_ClockConfig
 .text.HAL_RCC_GetSysClockFreq
                0x0000000008002278      0x1b0 Drivers/STM32F4xx_HAL_Driver/Src/stm32f4xx_hal_rcc.o
                0x0000000008002278                HAL_RCC_GetSysClockFreq
 .text.HAL_RCC_GetHCLKFreq
                0x0000000008002428       0x18 Drivers/STM32F4xx_HAL_Driver/Src/stm32f4xx_hal_rcc.o
                0x0000000008002428                HAL_RCC_GetHCLKFreq
 .text.HAL_RCC_GetPCLK1Freq
                0x0000000008002440       0x28 Drivers/STM32F4xx_HAL_Driver/Src/stm32f4xx_hal_rcc.o
                0x0000000008002440                HAL_RCC_GetPCLK1Freq
 .text.i2cm_read
                0x0000000008002468       0x38 Src/as7265x.o
                0x0000000008002468                i2cm_read
 .text.i2cm_write
                0x00000000080024a0       0x38 Src/as7265x.o
                0x00000000080024a0                i2cm_write
 .text.as7265x_vreg_write
                0x00000000080024d8       0x78 Src/as7265x.o
                0x00000000080024d8                as7265x_vreg_write
 .text.as7265x_vreg_read
                0x0000000008002550       0x9c Src/as7265x.o
                0x0000000008002550                as7265x_vreg_read
 .text.as7265x_is_data_available
                0x00000000080025ec       0x28 Src/as7265x.o
                0x00000000080025ec                as7265x_is_data_available
 .text.as7265x_device_select
                0x0000000008002614       0x24 Src/as7265x.o
                0x0000000008002614                as7265x_device_select
 .text.as7265x_set_gain
                0x0000000008002638       0x48 Src/as7265x.o
                0x0000000008002638                as7265x_set_gain
 .text.as7265x_set_integration_time
                0x0000000008002680       0x24 Src/as7265x.o
                0x0000000008002680                as7265x_set_integration_time
 .text.as7265x_indicator_disable
                0x00000000080026a4       0x3c Src/as7265x.o
                0x00000000080026a4                as7265x_indicator_disable
 .text.as7265x_set_measurement_mode
                0x00000000080026e0       0x50 Src/as7265x.o
                0x00000000080026e0                as7265x_set_measurement_mode
 .text.as7265x_get_calibrated_value
                0x0000000008002730       0x6c Src/as7265x.o
                0x0000000008002730                as7265x_get_calibrated_value
 .text.as7265x_get_raw_value
                0x000000000800279c       0x50 Src/as7265x.o
                0x000000000800279c                as7265x_get_raw_value
 .text.as7265x_get_all_calibrated_values
                0x00000000080027ec       0x60 Src/as7265x.o
                0x00000000080027ec                as7265x_get_all_calibrated_values
 .text.as7265x_get_all_raw_values
                0x000000000800284c       0x60 Src/as7265x.o
                0x000000000800284c                as7265x_get_all_raw_values
 .text.as7265x_init
                0x00000000080028ac       0x24 Src/main.o
                0x00000000080028ac                as7265x_init
 .text.main     0x00000000080028d0       0x70 Src/main.o
                0x00000000080028d0                main
 .text.SystemClock_Config
                0x0000000008002940       0xe0 Src/main.o
                0x0000000008002940                SystemClock_Config
 .text.MX_I2C1_Init
                0x0000000008002a20       0x80 Src/main.o
 .text.MX_GPIO_Init
                0x0000000008002aa0       0xa4 Src/main.o
 .text.Error_Handler
                0x0000000008002b44        0xe Src/main.o
                0x0000000008002b44                Error_Handler
 *fill*         0x0000000008002b52        0x2 
 .text.HAL_MspInit
                0x0000000008002b54       0x50 Src/stm32f4xx_hal_msp.o
                0x0000000008002b54                HAL_MspInit
 .text.HAL_I2C_MspInit
                0x0000000008002ba4       0x90 Src/stm32f4xx_hal_msp.o
                0x0000000008002ba4                HAL_I2C_MspInit
 .text.NMI_Handler
                0x0000000008002c34        0xe Src/stm32f4xx_it.o
                0x0000000008002c34                NMI_Handler
 .text.HardFault_Handler
                0x0000000008002c42        0x6 Src/stm32f4xx_it.o
                0x0000000008002c42                HardFault_Handler
 .text.MemManage_Handler
                0x0000000008002c48        0x6 Src/stm32f4xx_it.o
                0x0000000008002c48                MemManage_Handler
 .text.BusFault_Handler
                0x0000000008002c4e        0x6 Src/stm32f4xx_it.o
                0x0000000008002c4e                BusFault_Handler
 .text.UsageFault_Handler
                0x0000000008002c54        0x6 Src/stm32f4xx_it.o
                0x0000000008002c54                UsageFault_Handler
 .text.SVC_Handler
                0x0000000008002c5a        0xe Src/stm32f4xx_it.o
                0x0000000008002c5a                SVC_Handler
 .text.DebugMon_Handler
                0x0000000008002c68        0xe Src/stm32f4xx_it.o
                0x0000000008002c68                DebugMon_Handler
 .text.PendSV_Handler
                0x0000000008002c76        0xe Src/stm32f4xx_it.o
                0x0000000008002c76                PendSV_Handler
 .text.SysTick_Handler
                0x0000000008002c84        0xc Src/stm32f4xx_it.o
                0x0000000008002c84                SysTick_Handler
 .text.SystemInit
                0x0000000008002c90       0x6c Src/system_stm32f4xx.o
                0x0000000008002c90                SystemInit
 .text.Reset_Handler
                0x0000000008002cfc       0x50 Startup/startup_stm32f429zitx.o
                0x0000000008002cfc                Reset_Handler
 .text.Default_Handler
                0x0000000008002d4c        0x2 Startup/startup_stm32f429zitx.o
                0x0000000008002d4c                RTC_Alarm_IRQHandler
                0x0000000008002d4c                HASH_RNG_IRQHandler
                0x0000000008002d4c                EXTI2_IRQHandler
                0x0000000008002d4c                TIM8_CC_IRQHandler
                0x0000000008002d4c                UART8_IRQHandler
                0x0000000008002d4c                SPI4_IRQHandler
                0x0000000008002d4c                TIM1_CC_IRQHandler
                0x0000000008002d4c                DMA2_Stream5_IRQHandler
                0x0000000008002d4c                DMA1_Stream5_IRQHandler
                0x0000000008002d4c                PVD_IRQHandler
                0x0000000008002d4c                SDIO_IRQHandler
                0x0000000008002d4c                TAMP_STAMP_IRQHandler
                0x0000000008002d4c                CAN2_RX1_IRQHandler
                0x0000000008002d4c                EXTI3_IRQHandler
                0x0000000008002d4c                TIM8_TRG_COM_TIM14_IRQHandler
                0x0000000008002d4c                TIM1_UP_TIM10_IRQHandler
                0x0000000008002d4c                TIM8_UP_TIM13_IRQHandler
                0x0000000008002d4c                I2C3_ER_IRQHandler
                0x0000000008002d4c                EXTI0_IRQHandler
                0x0000000008002d4c                I2C2_EV_IRQHandler
                0x0000000008002d4c                DMA1_Stream2_IRQHandler
                0x0000000008002d4c                CAN1_RX0_IRQHandler
                0x0000000008002d4c                FPU_IRQHandler
                0x0000000008002d4c                OTG_HS_WKUP_IRQHandler
                0x0000000008002d4c                LTDC_ER_IRQHandler
                0x0000000008002d4c                CAN2_SCE_IRQHandler
                0x0000000008002d4c                DMA2_Stream2_IRQHandler
                0x0000000008002d4c                SPI1_IRQHandler
                0x0000000008002d4c                TIM6_DAC_IRQHandler
                0x0000000008002d4c                TIM1_BRK_TIM9_IRQHandler
                0x0000000008002d4c                DCMI_IRQHandler
                0x0000000008002d4c                CAN2_RX0_IRQHandler
                0x0000000008002d4c                DMA2_Stream3_IRQHandler
                0x0000000008002d4c                USART6_IRQHandler
                0x0000000008002d4c                USART3_IRQHandler
                0x0000000008002d4c                CAN1_RX1_IRQHandler
                0x0000000008002d4c                UART5_IRQHandler
                0x0000000008002d4c                DMA2_Stream0_IRQHandler
                0x0000000008002d4c                TIM4_IRQHandler
                0x0000000008002d4c                I2C1_EV_IRQHandler
                0x0000000008002d4c                DMA1_Stream6_IRQHandler
                0x0000000008002d4c                DMA1_Stream1_IRQHandler
                0x0000000008002d4c                UART4_IRQHandler
                0x0000000008002d4c                TIM3_IRQHandler
                0x0000000008002d4c                RCC_IRQHandler
                0x0000000008002d4c                TIM8_BRK_TIM12_IRQHandler
                0x0000000008002d4c                Default_Handler
                0x0000000008002d4c                EXTI15_10_IRQHandler
                0x0000000008002d4c                ADC_IRQHandler
                0x0000000008002d4c                DMA1_Stream7_IRQHandler
                0x0000000008002d4c                SPI5_IRQHandler
                0x0000000008002d4c                TIM7_IRQHandler
                0x0000000008002d4c                CAN2_TX_IRQHandler
                0x0000000008002d4c                TIM5_IRQHandler
                0x0000000008002d4c                DMA2_Stream7_IRQHandler
                0x0000000008002d4c                I2C3_EV_IRQHandler
                0x0000000008002d4c                EXTI9_5_IRQHandler
                0x0000000008002d4c                RTC_WKUP_IRQHandler
                0x0000000008002d4c                LTDC_IRQHandler
                0x0000000008002d4c                ETH_WKUP_IRQHandler
                0x0000000008002d4c                SPI2_IRQHandler
                0x0000000008002d4c                OTG_HS_EP1_IN_IRQHandler
                0x0000000008002d4c                DMA1_Stream0_IRQHandler
                0x0000000008002d4c                CAN1_TX_IRQHandler
                0x0000000008002d4c                EXTI4_IRQHandler
                0x0000000008002d4c                ETH_IRQHandler
                0x0000000008002d4c                OTG_HS_EP1_OUT_IRQHandler
                0x0000000008002d4c                WWDG_IRQHandler
                0x0000000008002d4c                SPI6_IRQHandler
                0x0000000008002d4c                TIM2_IRQHandler
                0x0000000008002d4c                OTG_FS_WKUP_IRQHandler
                0x0000000008002d4c                TIM1_TRG_COM_TIM11_IRQHandler
                0x0000000008002d4c                OTG_HS_IRQHandler
                0x0000000008002d4c                DMA2D_IRQHandler
                0x0000000008002d4c                EXTI1_IRQHandler
                0x0000000008002d4c                UART7_IRQHandler
                0x0000000008002d4c                USART2_IRQHandler
                0x0000000008002d4c                I2C2_ER_IRQHandler
                0x0000000008002d4c                DMA2_Stream1_IRQHandler
                0x0000000008002d4c                CAN1_SCE_IRQHandler
                0x0000000008002d4c                FLASH_IRQHandler
                0x0000000008002d4c                DMA2_Stream4_IRQHandler
                0x0000000008002d4c                USART1_IRQHandler
                0x0000000008002d4c                OTG_FS_IRQHandler
                0x0000000008002d4c                SPI3_IRQHandler
                0x0000000008002d4c                DMA1_Stream4_IRQHandler
                0x0000000008002d4c                I2C1_ER_IRQHandler
                0x0000000008002d4c                FMC_IRQHandler
                0x0000000008002d4c                DMA2_Stream6_IRQHandler
                0x0000000008002d4c                SAI1_IRQHandler
                0x0000000008002d4c                DMA1_Stream3_IRQHandler
 *fill*         0x0000000008002d4e        0x2 
 .text.__libc_init_array
                0x0000000008002d50       0x48 c:/st/stm32cubeide_1.0.0/stm32cubeide/plugins/com.st.stm32cube.ide.mcu.externaltools.gnu-tools-for-stm32.7-2018-q2-update.win32_1.0.0.201904181610/tools/bin/../lib/gcc/arm-none-eabi/7.3.1/../../../../arm-none-eabi/lib/thumb/v7e-m/fpv4-sp/hard\libc_nano.a(lib_a-init.o)
                0x0000000008002d50                __libc_init_array
 .text.memset   0x0000000008002d98       0x10 c:/st/stm32cubeide_1.0.0/stm32cubeide/plugins/com.st.stm32cube.ide.mcu.externaltools.gnu-tools-for-stm32.7-2018-q2-update.win32_1.0.0.201904181610/tools/bin/../lib/gcc/arm-none-eabi/7.3.1/../../../../arm-none-eabi/lib/thumb/v7e-m/fpv4-sp/hard\libc_nano.a(lib_a-memset.o)
                0x0000000008002d98                memset
 *(.glue_7)
 .glue_7        0x0000000008002da8        0x0 linker stubs
 *(.glue_7t)
 .glue_7t       0x0000000008002da8        0x0 linker stubs
 *(.eh_frame)
 .eh_frame      0x0000000008002da8        0x0 c:/st/stm32cubeide_1.0.0/stm32cubeide/plugins/com.st.stm32cube.ide.mcu.externaltools.gnu-tools-for-stm32.7-2018-q2-update.win32_1.0.0.201904181610/tools/bin/../lib/gcc/arm-none-eabi/7.3.1/thumb/v7e-m/fpv4-sp/hard/crtbegin.o
 *(.init)
 .init          0x0000000008002da8        0x4 c:/st/stm32cubeide_1.0.0/stm32cubeide/plugins/com.st.stm32cube.ide.mcu.externaltools.gnu-tools-for-stm32.7-2018-q2-update.win32_1.0.0.201904181610/tools/bin/../lib/gcc/arm-none-eabi/7.3.1/thumb/v7e-m/fpv4-sp/hard/crti.o
                0x0000000008002da8                _init
 .init          0x0000000008002dac        0x8 c:/st/stm32cubeide_1.0.0/stm32cubeide/plugins/com.st.stm32cube.ide.mcu.externaltools.gnu-tools-for-stm32.7-2018-q2-update.win32_1.0.0.201904181610/tools/bin/../lib/gcc/arm-none-eabi/7.3.1/thumb/v7e-m/fpv4-sp/hard/crtn.o
 *(.fini)
 .fini          0x0000000008002db4        0x4 c:/st/stm32cubeide_1.0.0/stm32cubeide/plugins/com.st.stm32cube.ide.mcu.externaltools.gnu-tools-for-stm32.7-2018-q2-update.win32_1.0.0.201904181610/tools/bin/../lib/gcc/arm-none-eabi/7.3.1/thumb/v7e-m/fpv4-sp/hard/crti.o
                0x0000000008002db4                _fini
 .fini          0x0000000008002db8        0x8 c:/st/stm32cubeide_1.0.0/stm32cubeide/plugins/com.st.stm32cube.ide.mcu.externaltools.gnu-tools-for-stm32.7-2018-q2-update.win32_1.0.0.201904181610/tools/bin/../lib/gcc/arm-none-eabi/7.3.1/thumb/v7e-m/fpv4-sp/hard/crtn.o
                0x0000000008002dc0                . = ALIGN (0x4)
                0x0000000008002dc0                _etext = .

.vfp11_veneer   0x0000000008002dc0        0x0
 .vfp11_veneer  0x0000000008002dc0        0x0 linker stubs

.v4_bx          0x0000000008002dc0        0x0
 .v4_bx         0x0000000008002dc0        0x0 linker stubs

.iplt           0x0000000008002dc0        0x0
 .iplt          0x0000000008002dc0        0x0 c:/st/stm32cubeide_1.0.0/stm32cubeide/plugins/com.st.stm32cube.ide.mcu.externaltools.gnu-tools-for-stm32.7-2018-q2-update.win32_1.0.0.201904181610/tools/bin/../lib/gcc/arm-none-eabi/7.3.1/thumb/v7e-m/fpv4-sp/hard/crtbegin.o

.rodata         0x0000000008002dc0       0x18
                0x0000000008002dc0                . = ALIGN (0x4)
 *(.rodata)
 *(.rodata*)
 .rodata.AHBPrescTable
                0x0000000008002dc0       0x10 Src/system_stm32f4xx.o
                0x0000000008002dc0                AHBPrescTable
 .rodata.APBPrescTable
                0x0000000008002dd0        0x8 Src/system_stm32f4xx.o
                0x0000000008002dd0                APBPrescTable
                0x0000000008002dd8                . = ALIGN (0x4)

.ARM.extab      0x0000000008002dd8        0x0
                0x0000000008002dd8                . = ALIGN (0x4)
 *(.ARM.extab* .gnu.linkonce.armextab.*)
                0x0000000008002dd8                . = ALIGN (0x4)

.ARM            0x0000000008002dd8        0x8
                0x0000000008002dd8                . = ALIGN (0x4)
                0x0000000008002dd8                __exidx_start = .
 *(.ARM.exidx*)
 .ARM.exidx     0x0000000008002dd8        0x8 c:/st/stm32cubeide_1.0.0/stm32cubeide/plugins/com.st.stm32cube.ide.mcu.externaltools.gnu-tools-for-stm32.7-2018-q2-update.win32_1.0.0.201904181610/tools/bin/../lib/gcc/arm-none-eabi/7.3.1/thumb/v7e-m/fpv4-sp/hard\libgcc.a(_udivmoddi4.o)
                0x0000000008002de0                __exidx_end = .
                0x0000000008002de0                . = ALIGN (0x4)

.rel.dyn        0x0000000008002de0        0x0
 .rel.iplt      0x0000000008002de0        0x0 c:/st/stm32cubeide_1.0.0/stm32cubeide/plugins/com.st.stm32cube.ide.mcu.externaltools.gnu-tools-for-stm32.7-2018-q2-update.win32_1.0.0.201904181610/tools/bin/../lib/gcc/arm-none-eabi/7.3.1/thumb/v7e-m/fpv4-sp/hard/crtbegin.o

.preinit_array  0x0000000008002de0        0x0
                0x0000000008002de0                . = ALIGN (0x4)
                0x0000000008002de0                PROVIDE (__preinit_array_start = .)
 *(.preinit_array*)
                0x0000000008002de0                PROVIDE (__preinit_array_end = .)
                0x0000000008002de0                . = ALIGN (0x4)

.init_array     0x0000000008002de0        0x4
                0x0000000008002de0                . = ALIGN (0x4)
                0x0000000008002de0                PROVIDE (__init_array_start = .)
 *(SORT_BY_NAME(.init_array.*))
 *(.init_array*)
 .init_array    0x0000000008002de0        0x4 c:/st/stm32cubeide_1.0.0/stm32cubeide/plugins/com.st.stm32cube.ide.mcu.externaltools.gnu-tools-for-stm32.7-2018-q2-update.win32_1.0.0.201904181610/tools/bin/../lib/gcc/arm-none-eabi/7.3.1/thumb/v7e-m/fpv4-sp/hard/crtbegin.o
                0x0000000008002de4                PROVIDE (__init_array_end = .)
                0x0000000008002de4                . = ALIGN (0x4)

.fini_array     0x0000000008002de4        0x4
                0x0000000008002de4                . = ALIGN (0x4)
                [!provide]                        PROVIDE (__fini_array_start = .)
 *(SORT_BY_NAME(.fini_array.*))
 *(.fini_array*)
 .fini_array    0x0000000008002de4        0x4 c:/st/stm32cubeide_1.0.0/stm32cubeide/plugins/com.st.stm32cube.ide.mcu.externaltools.gnu-tools-for-stm32.7-2018-q2-update.win32_1.0.0.201904181610/tools/bin/../lib/gcc/arm-none-eabi/7.3.1/thumb/v7e-m/fpv4-sp/hard/crtbegin.o
                [!provide]                        PROVIDE (__fini_array_end = .)
                0x0000000008002de8                . = ALIGN (0x4)
                0x0000000008002de8                _sidata = LOADADDR (.data)

.data           0x0000000020000000        0xc load address 0x0000000008002de8
                0x0000000020000000                . = ALIGN (0x4)
                0x0000000020000000                _sdata = .
 *(.data)
 *(.data*)
 .data.uwTickPrio
                0x0000000020000000        0x4 Drivers/STM32F4xx_HAL_Driver/Src/stm32f4xx_hal.o
                0x0000000020000000                uwTickPrio
 .data.uwTickFreq
                0x0000000020000004        0x1 Drivers/STM32F4xx_HAL_Driver/Src/stm32f4xx_hal.o
                0x0000000020000004                uwTickFreq
 *fill*         0x0000000020000005        0x3 
 .data.SystemCoreClock
                0x0000000020000008        0x4 Src/system_stm32f4xx.o
                0x0000000020000008                SystemCoreClock
                0x000000002000000c                . = ALIGN (0x4)
                0x000000002000000c                _edata = .

.igot.plt       0x000000002000000c        0x0 load address 0x0000000008002df4
 .igot.plt      0x000000002000000c        0x0 c:/st/stm32cubeide_1.0.0/stm32cubeide/plugins/com.st.stm32cube.ide.mcu.externaltools.gnu-tools-for-stm32.7-2018-q2-update.win32_1.0.0.201904181610/tools/bin/../lib/gcc/arm-none-eabi/7.3.1/thumb/v7e-m/fpv4-sp/hard/crtbegin.o
                0x000000002000000c                . = ALIGN (0x4)

.bss            0x000000002000000c      0x128 load address 0x0000000008002df4
                0x000000002000000c                _sbss = .
                0x000000002000000c                __bss_start__ = _sbss
 *(.bss)
 .bss           0x000000002000000c       0x1c c:/st/stm32cubeide_1.0.0/stm32cubeide/plugins/com.st.stm32cube.ide.mcu.externaltools.gnu-tools-for-stm32.7-2018-q2-update.win32_1.0.0.201904181610/tools/bin/../lib/gcc/arm-none-eabi/7.3.1/thumb/v7e-m/fpv4-sp/hard/crtbegin.o
 *(.bss*)
 *(COMMON)
 COMMON         0x0000000020000028        0x4 Drivers/STM32F4xx_HAL_Driver/Src/stm32f4xx_hal.o
                0x0000000020000028                uwTick
 COMMON         0x000000002000002c       0x9c Src/as7265x.o
                0x000000002000002c                hi2c1
                0x0000000020000080                as7265x_channel_union_t
 COMMON         0x00000000200000c8       0x6c Src/main.o
                0x00000000200000c8                calibrated_channels
                0x0000000020000110                raw_channels
                0x0000000020000134                . = ALIGN (0x4)
                0x0000000020000134                _ebss = .
                0x0000000020000134                __bss_end__ = _ebss

._user_heap_stack
                0x0000000020000134      0x604 load address 0x0000000008002df4
                0x0000000020000138                . = ALIGN (0x8)
 *fill*         0x0000000020000134        0x4 
                0x0000000020000138                PROVIDE (end = .)
                [!provide]                        PROVIDE (_end = .)
                0x0000000020000338                . = (. + _Min_Heap_Size)
 *fill*         0x0000000020000138      0x200 
                0x0000000020000738                . = (. + _Min_Stack_Size)
 *fill*         0x0000000020000338      0x400 
                0x0000000020000738                . = ALIGN (0x8)

/DISCARD/
 libc.a(*)
 libm.a(*)
 libgcc.a(*)

.ARM.attributes
                0x0000000000000000       0x30
 *(.ARM.attributes)
 .ARM.attributes
                0x0000000000000000       0x22 c:/st/stm32cubeide_1.0.0/stm32cubeide/plugins/com.st.stm32cube.ide.mcu.externaltools.gnu-tools-for-stm32.7-2018-q2-update.win32_1.0.0.201904181610/tools/bin/../lib/gcc/arm-none-eabi/7.3.1/thumb/v7e-m/fpv4-sp/hard/crti.o
 .ARM.attributes
                0x0000000000000022       0x34 c:/st/stm32cubeide_1.0.0/stm32cubeide/plugins/com.st.stm32cube.ide.mcu.externaltools.gnu-tools-for-stm32.7-2018-q2-update.win32_1.0.0.201904181610/tools/bin/../lib/gcc/arm-none-eabi/7.3.1/thumb/v7e-m/fpv4-sp/hard/crtbegin.o
 .ARM.attributes
                0x0000000000000056       0x39 Drivers/STM32F4xx_HAL_Driver/Src/stm32f4xx_hal.o
 .ARM.attributes
                0x000000000000008f       0x39 Drivers/STM32F4xx_HAL_Driver/Src/stm32f4xx_hal_cortex.o
 .ARM.attributes
                0x00000000000000c8       0x39 Drivers/STM32F4xx_HAL_Driver/Src/stm32f4xx_hal_gpio.o
 .ARM.attributes
                0x0000000000000101       0x39 Drivers/STM32F4xx_HAL_Driver/Src/stm32f4xx_hal_i2c.o
 .ARM.attributes
                0x000000000000013a       0x39 Drivers/STM32F4xx_HAL_Driver/Src/stm32f4xx_hal_i2c_ex.o
 .ARM.attributes
                0x0000000000000173       0x39 Drivers/STM32F4xx_HAL_Driver/Src/stm32f4xx_hal_pwr_ex.o
 .ARM.attributes
                0x00000000000001ac       0x39 Drivers/STM32F4xx_HAL_Driver/Src/stm32f4xx_hal_rcc.o
 .ARM.attributes
                0x00000000000001e5       0x39 Src/as7265x.o
 .ARM.attributes
                0x000000000000021e       0x39 Src/main.o
 .ARM.attributes
                0x0000000000000257       0x39 Src/stm32f4xx_hal_msp.o
 .ARM.attributes
                0x0000000000000290       0x39 Src/stm32f4xx_it.o
 .ARM.attributes
                0x00000000000002c9       0x39 Src/system_stm32f4xx.o
 .ARM.attributes
                0x0000000000000302       0x21 Startup/startup_stm32f429zitx.o
 .ARM.attributes
                0x0000000000000323       0x34 c:/st/stm32cubeide_1.0.0/stm32cubeide/plugins/com.st.stm32cube.ide.mcu.externaltools.gnu-tools-for-stm32.7-2018-q2-update.win32_1.0.0.201904181610/tools/bin/../lib/gcc/arm-none-eabi/7.3.1/../../../../arm-none-eabi/lib/thumb/v7e-m/fpv4-sp/hard\libc_nano.a(lib_a-init.o)
 .ARM.attributes
                0x0000000000000357       0x34 c:/st/stm32cubeide_1.0.0/stm32cubeide/plugins/com.st.stm32cube.ide.mcu.externaltools.gnu-tools-for-stm32.7-2018-q2-update.win32_1.0.0.201904181610/tools/bin/../lib/gcc/arm-none-eabi/7.3.1/../../../../arm-none-eabi/lib/thumb/v7e-m/fpv4-sp/hard\libc_nano.a(lib_a-memset.o)
 .ARM.attributes
                0x000000000000038b       0x22 c:/st/stm32cubeide_1.0.0/stm32cubeide/plugins/com.st.stm32cube.ide.mcu.externaltools.gnu-tools-for-stm32.7-2018-q2-update.win32_1.0.0.201904181610/tools/bin/../lib/gcc/arm-none-eabi/7.3.1/thumb/v7e-m/fpv4-sp/hard\libgcc.a(_aeabi_uldivmod.o)
 .ARM.attributes
                0x00000000000003ad       0x34 c:/st/stm32cubeide_1.0.0/stm32cubeide/plugins/com.st.stm32cube.ide.mcu.externaltools.gnu-tools-for-stm32.7-2018-q2-update.win32_1.0.0.201904181610/tools/bin/../lib/gcc/arm-none-eabi/7.3.1/thumb/v7e-m/fpv4-sp/hard\libgcc.a(_udivmoddi4.o)
 .ARM.attributes
                0x00000000000003e1       0x22 c:/st/stm32cubeide_1.0.0/stm32cubeide/plugins/com.st.stm32cube.ide.mcu.externaltools.gnu-tools-for-stm32.7-2018-q2-update.win32_1.0.0.201904181610/tools/bin/../lib/gcc/arm-none-eabi/7.3.1/thumb/v7e-m/fpv4-sp/hard\libgcc.a(_dvmd_tls.o)
 .ARM.attributes
                0x0000000000000403       0x22 c:/st/stm32cubeide_1.0.0/stm32cubeide/plugins/com.st.stm32cube.ide.mcu.externaltools.gnu-tools-for-stm32.7-2018-q2-update.win32_1.0.0.201904181610/tools/bin/../lib/gcc/arm-none-eabi/7.3.1/thumb/v7e-m/fpv4-sp/hard/crtn.o
OUTPUT(ams_f429.elf elf32-littlearm)

.debug_info     0x0000000000000000     0x8dcc
 .debug_info    0x0000000000000000      0x995 Drivers/STM32F4xx_HAL_Driver/Src/stm32f4xx_hal.o
 .debug_info    0x0000000000000995      0xe0c Drivers/STM32F4xx_HAL_Driver/Src/stm32f4xx_hal_cortex.o
 .debug_info    0x00000000000017a1      0x77d Drivers/STM32F4xx_HAL_Driver/Src/stm32f4xx_hal_gpio.o
 .debug_info    0x0000000000001f1e     0x232c Drivers/STM32F4xx_HAL_Driver/Src/stm32f4xx_hal_i2c.o
 .debug_info    0x000000000000424a      0x6cb Drivers/STM32F4xx_HAL_Driver/Src/stm32f4xx_hal_i2c_ex.o
 .debug_info    0x0000000000004915      0x6f5 Drivers/STM32F4xx_HAL_Driver/Src/stm32f4xx_hal_pwr_ex.o
 .debug_info    0x000000000000500a      0x8be Drivers/STM32F4xx_HAL_Driver/Src/stm32f4xx_hal_rcc.o
 .debug_info    0x00000000000058c8     0x16e4 Src/as7265x.o
 .debug_info    0x0000000000006fac      0xd86 Src/main.o
 .debug_info    0x0000000000007d32      0x9a9 Src/stm32f4xx_hal_msp.o
 .debug_info    0x00000000000086db      0x1b3 Src/stm32f4xx_it.o
 .debug_info    0x000000000000888e      0x51c Src/system_stm32f4xx.o
 .debug_info    0x0000000000008daa       0x22 Startup/startup_stm32f429zitx.o

.debug_abbrev   0x0000000000000000     0x1653
 .debug_abbrev  0x0000000000000000      0x1cb Drivers/STM32F4xx_HAL_Driver/Src/stm32f4xx_hal.o
 .debug_abbrev  0x00000000000001cb      0x2fa Drivers/STM32F4xx_HAL_Driver/Src/stm32f4xx_hal_cortex.o
 .debug_abbrev  0x00000000000004c5      0x1c9 Drivers/STM32F4xx_HAL_Driver/Src/stm32f4xx_hal_gpio.o
 .debug_abbrev  0x000000000000068e      0x254 Drivers/STM32F4xx_HAL_Driver/Src/stm32f4xx_hal_i2c.o
 .debug_abbrev  0x00000000000008e2      0x16d Drivers/STM32F4xx_HAL_Driver/Src/stm32f4xx_hal_i2c_ex.o
 .debug_abbrev  0x0000000000000a4f      0x1b8 Drivers/STM32F4xx_HAL_Driver/Src/stm32f4xx_hal_pwr_ex.o
 .debug_abbrev  0x0000000000000c07      0x245 Drivers/STM32F4xx_HAL_Driver/Src/stm32f4xx_hal_rcc.o
 .debug_abbrev  0x0000000000000e4c      0x2a4 Src/as7265x.o
 .debug_abbrev  0x00000000000010f0      0x208 Src/main.o
 .debug_abbrev  0x00000000000012f8      0x18c Src/stm32f4xx_hal_msp.o
 .debug_abbrev  0x0000000000001484       0xac Src/stm32f4xx_it.o
 .debug_abbrev  0x0000000000001530      0x111 Src/system_stm32f4xx.o
 .debug_abbrev  0x0000000000001641       0x12 Startup/startup_stm32f429zitx.o

.debug_aranges  0x0000000000000000      0x810
 .debug_aranges
                0x0000000000000000      0x100 Drivers/STM32F4xx_HAL_Driver/Src/stm32f4xx_hal.o
 .debug_aranges
                0x0000000000000100      0x118 Drivers/STM32F4xx_HAL_Driver/Src/stm32f4xx_hal_cortex.o
 .debug_aranges
                0x0000000000000218       0x58 Drivers/STM32F4xx_HAL_Driver/Src/stm32f4xx_hal_gpio.o
 .debug_aranges
                0x0000000000000270      0x290 Drivers/STM32F4xx_HAL_Driver/Src/stm32f4xx_hal_i2c.o
 .debug_aranges
                0x0000000000000500       0x28 Drivers/STM32F4xx_HAL_Driver/Src/stm32f4xx_hal_i2c_ex.o
 .debug_aranges
                0x0000000000000528       0x60 Drivers/STM32F4xx_HAL_Driver/Src/stm32f4xx_hal_pwr_ex.o
 .debug_aranges
                0x0000000000000588       0x88 Drivers/STM32F4xx_HAL_Driver/Src/stm32f4xx_hal_rcc.o
 .debug_aranges
                0x0000000000000610       0xd8 Src/as7265x.o
 .debug_aranges
                0x00000000000006e8       0x48 Src/main.o
 .debug_aranges
                0x0000000000000730       0x30 Src/stm32f4xx_hal_msp.o
 .debug_aranges
                0x0000000000000760       0x60 Src/stm32f4xx_it.o
 .debug_aranges
                0x00000000000007c0       0x28 Src/system_stm32f4xx.o
 .debug_aranges
                0x00000000000007e8       0x28 Startup/startup_stm32f429zitx.o

.debug_ranges   0x0000000000000000      0x768
 .debug_ranges  0x0000000000000000       0xf0 Drivers/STM32F4xx_HAL_Driver/Src/stm32f4xx_hal.o
 .debug_ranges  0x00000000000000f0      0x108 Drivers/STM32F4xx_HAL_Driver/Src/stm32f4xx_hal_cortex.o
 .debug_ranges  0x00000000000001f8       0x48 Drivers/STM32F4xx_HAL_Driver/Src/stm32f4xx_hal_gpio.o
 .debug_ranges  0x0000000000000240      0x2a0 Drivers/STM32F4xx_HAL_Driver/Src/stm32f4xx_hal_i2c.o
 .debug_ranges  0x00000000000004e0       0x18 Drivers/STM32F4xx_HAL_Driver/Src/stm32f4xx_hal_i2c_ex.o
 .debug_ranges  0x00000000000004f8       0x50 Drivers/STM32F4xx_HAL_Driver/Src/stm32f4xx_hal_pwr_ex.o
 .debug_ranges  0x0000000000000548       0x78 Drivers/STM32F4xx_HAL_Driver/Src/stm32f4xx_hal_rcc.o
 .debug_ranges  0x00000000000005c0       0xc8 Src/as7265x.o
 .debug_ranges  0x0000000000000688       0x38 Src/main.o
 .debug_ranges  0x00000000000006c0       0x20 Src/stm32f4xx_hal_msp.o
 .debug_ranges  0x00000000000006e0       0x50 Src/stm32f4xx_it.o
 .debug_ranges  0x0000000000000730       0x18 Src/system_stm32f4xx.o
 .debug_ranges  0x0000000000000748       0x20 Startup/startup_stm32f429zitx.o

.debug_macro    0x0000000000000000    0x22e4b
 .debug_macro   0x0000000000000000      0x229 Drivers/STM32F4xx_HAL_Driver/Src/stm32f4xx_hal.o
 .debug_macro   0x0000000000000229      0xa5a Drivers/STM32F4xx_HAL_Driver/Src/stm32f4xx_hal.o
 .debug_macro   0x0000000000000c83      0x184 Drivers/STM32F4xx_HAL_Driver/Src/stm32f4xx_hal.o
 .debug_macro   0x0000000000000e07       0x32 Drivers/STM32F4xx_HAL_Driver/Src/stm32f4xx_hal.o
 .debug_macro   0x0000000000000e39       0x28 Drivers/STM32F4xx_HAL_Driver/Src/stm32f4xx_hal.o
 .debug_macro   0x0000000000000e61       0x22 Drivers/STM32F4xx_HAL_Driver/Src/stm32f4xx_hal.o
 .debug_macro   0x0000000000000e83       0x8e Drivers/STM32F4xx_HAL_Driver/Src/stm32f4xx_hal.o
 .debug_macro   0x0000000000000f11       0x51 Drivers/STM32F4xx_HAL_Driver/Src/stm32f4xx_hal.o
 .debug_macro   0x0000000000000f62       0xef Drivers/STM32F4xx_HAL_Driver/Src/stm32f4xx_hal.o
 .debug_macro   0x0000000000001051       0x6a Drivers/STM32F4xx_HAL_Driver/Src/stm32f4xx_hal.o
 .debug_macro   0x00000000000010bb      0x1df Drivers/STM32F4xx_HAL_Driver/Src/stm32f4xx_hal.o
 .debug_macro   0x000000000000129a       0x1c Drivers/STM32F4xx_HAL_Driver/Src/stm32f4xx_hal.o
 .debug_macro   0x00000000000012b6       0x22 Drivers/STM32F4xx_HAL_Driver/Src/stm32f4xx_hal.o
 .debug_macro   0x00000000000012d8       0xdf Drivers/STM32F4xx_HAL_Driver/Src/stm32f4xx_hal.o
 .debug_macro   0x00000000000013b7     0x102d Drivers/STM32F4xx_HAL_Driver/Src/stm32f4xx_hal.o
 .debug_macro   0x00000000000023e4      0x11f Drivers/STM32F4xx_HAL_Driver/Src/stm32f4xx_hal.o
 .debug_macro   0x0000000000002503    0x17f81 Drivers/STM32F4xx_HAL_Driver/Src/stm32f4xx_hal.o
 .debug_macro   0x000000000001a484       0x43 Drivers/STM32F4xx_HAL_Driver/Src/stm32f4xx_hal.o
 .debug_macro   0x000000000001a4c7     0x3644 Drivers/STM32F4xx_HAL_Driver/Src/stm32f4xx_hal.o
 .debug_macro   0x000000000001db0b      0x174 Drivers/STM32F4xx_HAL_Driver/Src/stm32f4xx_hal.o
 .debug_macro   0x000000000001dc7f       0x5a Drivers/STM32F4xx_HAL_Driver/Src/stm32f4xx_hal.o
 .debug_macro   0x000000000001dcd9      0xca5 Drivers/STM32F4xx_HAL_Driver/Src/stm32f4xx_hal.o
 .debug_macro   0x000000000001e97e      0x9fe Drivers/STM32F4xx_HAL_Driver/Src/stm32f4xx_hal.o
 .debug_macro   0x000000000001f37c       0xed Drivers/STM32F4xx_HAL_Driver/Src/stm32f4xx_hal.o
 .debug_macro   0x000000000001f469      0x117 Drivers/STM32F4xx_HAL_Driver/Src/stm32f4xx_hal.o
 .debug_macro   0x000000000001f580      0x157 Drivers/STM32F4xx_HAL_Driver/Src/stm32f4xx_hal.o
 .debug_macro   0x000000000001f6d7       0x27 Drivers/STM32F4xx_HAL_Driver/Src/stm32f4xx_hal.o
 .debug_macro   0x000000000001f6fe      0x287 Drivers/STM32F4xx_HAL_Driver/Src/stm32f4xx_hal.o
 .debug_macro   0x000000000001f985       0x5f Drivers/STM32F4xx_HAL_Driver/Src/stm32f4xx_hal.o
 .debug_macro   0x000000000001f9e4      0x236 Drivers/STM32F4xx_HAL_Driver/Src/stm32f4xx_hal.o
 .debug_macro   0x000000000001fc1a      0x132 Drivers/STM32F4xx_HAL_Driver/Src/stm32f4xx_hal.o
 .debug_macro   0x000000000001fd4c      0x41d Drivers/STM32F4xx_HAL_Driver/Src/stm32f4xx_hal.o
 .debug_macro   0x0000000000020169       0x2e Drivers/STM32F4xx_HAL_Driver/Src/stm32f4xx_hal.o
 .debug_macro   0x0000000000020197      0x1ae Drivers/STM32F4xx_HAL_Driver/Src/stm32f4xx_hal.o
 .debug_macro   0x0000000000020345       0x22 Drivers/STM32F4xx_HAL_Driver/Src/stm32f4xx_hal.o
 .debug_macro   0x0000000000020367       0xd6 Drivers/STM32F4xx_HAL_Driver/Src/stm32f4xx_hal.o
 .debug_macro   0x000000000002043d      0x11a Drivers/STM32F4xx_HAL_Driver/Src/stm32f4xx_hal.o
 .debug_macro   0x0000000000020557       0xe2 Drivers/STM32F4xx_HAL_Driver/Src/stm32f4xx_hal.o
 .debug_macro   0x0000000000020639       0x89 Drivers/STM32F4xx_HAL_Driver/Src/stm32f4xx_hal.o
 .debug_macro   0x00000000000206c2      0x134 Drivers/STM32F4xx_HAL_Driver/Src/stm32f4xx_hal.o
 .debug_macro   0x00000000000207f6      0x1c9 Drivers/STM32F4xx_HAL_Driver/Src/stm32f4xx_hal_cortex.o
 .debug_macro   0x00000000000209bf      0x1ff Drivers/STM32F4xx_HAL_Driver/Src/stm32f4xx_hal_gpio.o
 .debug_macro   0x0000000000020bbe      0x209 Drivers/STM32F4xx_HAL_Driver/Src/stm32f4xx_hal_i2c.o
 .debug_macro   0x0000000000020dc7      0x1c9 Drivers/STM32F4xx_HAL_Driver/Src/stm32f4xx_hal_i2c_ex.o
 .debug_macro   0x0000000000020f90      0x1e1 Drivers/STM32F4xx_HAL_Driver/Src/stm32f4xx_hal_pwr_ex.o
 .debug_macro   0x0000000000021171      0x1ed Drivers/STM32F4xx_HAL_Driver/Src/stm32f4xx_hal_rcc.o
 .debug_macro   0x000000000002135e      0x3a0 Src/as7265x.o
 .debug_macro   0x00000000000216fe       0x40 Src/as7265x.o
 .debug_macro   0x000000000002173e       0x18 Src/as7265x.o
 .debug_macro   0x0000000000021756       0x94 Src/as7265x.o
 .debug_macro   0x00000000000217ea       0x3c Src/as7265x.o
 .debug_macro   0x0000000000021826       0x34 Src/as7265x.o
 .debug_macro   0x000000000002185a       0x16 Src/as7265x.o
 .debug_macro   0x0000000000021870       0x57 Src/as7265x.o
 .debug_macro   0x00000000000218c7       0x97 Src/as7265x.o
 .debug_macro   0x000000000002195e      0x330 Src/as7265x.o
 .debug_macro   0x0000000000021c8e       0xfd Src/as7265x.o
 .debug_macro   0x0000000000021d8b       0x10 Src/as7265x.o
 .debug_macro   0x0000000000021d9b       0x52 Src/as7265x.o
 .debug_macro   0x0000000000021ded       0x1f Src/as7265x.o
 .debug_macro   0x0000000000021e0c       0x43 Src/as7265x.o
 .debug_macro   0x0000000000021e4f       0x20 Src/as7265x.o
 .debug_macro   0x0000000000021e6f      0x1a3 Src/as7265x.o
 .debug_macro   0x0000000000022012       0x10 Src/as7265x.o
 .debug_macro   0x0000000000022022       0x1c Src/as7265x.o
 .debug_macro   0x000000000002203e       0x52 Src/as7265x.o
 .debug_macro   0x0000000000022090       0x40 Src/as7265x.o
 .debug_macro   0x00000000000220d0       0x10 Src/as7265x.o
 .debug_macro   0x00000000000220e0       0x40 Src/as7265x.o
 .debug_macro   0x0000000000022120       0xd7 Src/as7265x.o
 .debug_macro   0x00000000000221f7       0x1c Src/as7265x.o
 .debug_macro   0x0000000000022213       0x3d Src/as7265x.o
 .debug_macro   0x0000000000022250       0x16 Src/as7265x.o
 .debug_macro   0x0000000000022266      0x145 Src/as7265x.o
 .debug_macro   0x00000000000223ab       0x16 Src/as7265x.o
 .debug_macro   0x00000000000223c1       0x35 Src/as7265x.o
 .debug_macro   0x00000000000223f6       0x20 Src/as7265x.o
 .debug_macro   0x0000000000022416       0x16 Src/as7265x.o
 .debug_macro   0x000000000002242c       0x16 Src/as7265x.o
 .debug_macro   0x0000000000022442       0x29 Src/as7265x.o
 .debug_macro   0x000000000002246b       0xd9 Src/as7265x.o
 .debug_macro   0x0000000000022544       0x54 Src/as7265x.o
 .debug_macro   0x0000000000022598      0x14e Src/as7265x.o
 .debug_macro   0x00000000000226e6      0x1e6 Src/main.o
 .debug_macro   0x00000000000228cc      0x1d3 Src/stm32f4xx_hal_msp.o
 .debug_macro   0x0000000000022a9f      0x1dd Src/stm32f4xx_it.o
 .debug_macro   0x0000000000022c7c      0x1cf Src/system_stm32f4xx.o

.debug_line     0x0000000000000000     0x7543
 .debug_line    0x0000000000000000      0x8ca Drivers/STM32F4xx_HAL_Driver/Src/stm32f4xx_hal.o
 .debug_line    0x00000000000008ca      0x9cd Drivers/STM32F4xx_HAL_Driver/Src/stm32f4xx_hal_cortex.o
 .debug_line    0x0000000000001297      0x8b0 Drivers/STM32F4xx_HAL_Driver/Src/stm32f4xx_hal_gpio.o
 .debug_line    0x0000000000001b47     0x1a89 Drivers/STM32F4xx_HAL_Driver/Src/stm32f4xx_hal_i2c.o
 .debug_line    0x00000000000035d0      0x6d9 Drivers/STM32F4xx_HAL_Driver/Src/stm32f4xx_hal_i2c_ex.o
 .debug_line    0x0000000000003ca9      0x79b Drivers/STM32F4xx_HAL_Driver/Src/stm32f4xx_hal_pwr_ex.o
 .debug_line    0x0000000000004444      0x8ed Drivers/STM32F4xx_HAL_Driver/Src/stm32f4xx_hal_rcc.o
 .debug_line    0x0000000000004d31      0xb82 Src/as7265x.o
 .debug_line    0x00000000000058b3      0x73e Src/main.o
 .debug_line    0x0000000000005ff1      0x6ce Src/stm32f4xx_hal_msp.o
 .debug_line    0x00000000000066bf      0x743 Src/stm32f4xx_it.o
 .debug_line    0x0000000000006e02      0x6c0 Src/system_stm32f4xx.o
 .debug_line    0x00000000000074c2       0x81 Startup/startup_stm32f429zitx.o

.debug_str      0x0000000000000000    0xd0ec1
 .debug_str     0x0000000000000000    0xca6ff Drivers/STM32F4xx_HAL_Driver/Src/stm32f4xx_hal.o
                                      0xcaa7c (size before relaxing)
 .debug_str     0x00000000000ca6ff      0x3ed Drivers/STM32F4xx_HAL_Driver/Src/stm32f4xx_hal_cortex.o
                                      0xca7a9 (size before relaxing)
 .debug_str     0x00000000000caaec      0x28c Drivers/STM32F4xx_HAL_Driver/Src/stm32f4xx_hal_gpio.o
                                      0xca0db (size before relaxing)
 .debug_str     0x00000000000cad78      0xf16 Drivers/STM32F4xx_HAL_Driver/Src/stm32f4xx_hal_i2c.o
                                      0xcadaf (size before relaxing)
 .debug_str     0x00000000000cbc8e       0x3b Drivers/STM32F4xx_HAL_Driver/Src/stm32f4xx_hal_i2c_ex.o
                                      0xca296 (size before relaxing)
 .debug_str     0x00000000000cbcc9      0x141 Drivers/STM32F4xx_HAL_Driver/Src/stm32f4xx_hal_pwr_ex.o
                                      0xca07f (size before relaxing)
 .debug_str     0x00000000000cbe0a      0x36d Drivers/STM32F4xx_HAL_Driver/Src/stm32f4xx_hal_rcc.o
                                      0xca27e (size before relaxing)
 .debug_str     0x00000000000cc177     0x4b91 Src/as7265x.o
                                      0xcee08 (size before relaxing)
 .debug_str     0x00000000000d0d08       0x5b Src/main.o
                                      0xcac2f (size before relaxing)
 .debug_str     0x00000000000d0d63       0x1b Src/stm32f4xx_hal_msp.o
                                      0xca397 (size before relaxing)
 .debug_str     0x00000000000d0d7e       0xb8 Src/stm32f4xx_it.o
                                      0xc9d8b (size before relaxing)
 .debug_str     0x00000000000d0e36       0x5a Src/system_stm32f4xx.o
                                      0xc9e97 (size before relaxing)
 .debug_str     0x00000000000d0e90       0x31 Startup/startup_stm32f429zitx.o
                                         0x57 (size before relaxing)

.comment        0x0000000000000000       0x7b
 .comment       0x0000000000000000       0x7b Drivers/STM32F4xx_HAL_Driver/Src/stm32f4xx_hal.o
                                         0x7c (size before relaxing)
 .comment       0x000000000000007b       0x7c Drivers/STM32F4xx_HAL_Driver/Src/stm32f4xx_hal_cortex.o
 .comment       0x000000000000007b       0x7c Drivers/STM32F4xx_HAL_Driver/Src/stm32f4xx_hal_gpio.o
 .comment       0x000000000000007b       0x7c Drivers/STM32F4xx_HAL_Driver/Src/stm32f4xx_hal_i2c.o
 .comment       0x000000000000007b       0x7c Drivers/STM32F4xx_HAL_Driver/Src/stm32f4xx_hal_i2c_ex.o
 .comment       0x000000000000007b       0x7c Drivers/STM32F4xx_HAL_Driver/Src/stm32f4xx_hal_pwr_ex.o
 .comment       0x000000000000007b       0x7c Drivers/STM32F4xx_HAL_Driver/Src/stm32f4xx_hal_rcc.o
 .comment       0x000000000000007b       0x7c Src/as7265x.o
 .comment       0x000000000000007b       0x7c Src/main.o
 .comment       0x000000000000007b       0x7c Src/stm32f4xx_hal_msp.o
 .comment       0x000000000000007b       0x7c Src/stm32f4xx_it.o
 .comment       0x000000000000007b       0x7c Src/system_stm32f4xx.o

.debug_frame    0x0000000000000000     0x2018
 .debug_frame   0x0000000000000000      0x3b4 Drivers/STM32F4xx_HAL_Driver/Src/stm32f4xx_hal.o
 .debug_frame   0x00000000000003b4      0x498 Drivers/STM32F4xx_HAL_Driver/Src/stm32f4xx_hal_cortex.o
 .debug_frame   0x000000000000084c      0x14c Drivers/STM32F4xx_HAL_Driver/Src/stm32f4xx_hal_gpio.o
 .debug_frame   0x0000000000000998      0xc10 Drivers/STM32F4xx_HAL_Driver/Src/stm32f4xx_hal_i2c.o
 .debug_frame   0x00000000000015a8       0x60 Drivers/STM32F4xx_HAL_Driver/Src/stm32f4xx_hal_i2c_ex.o
 .debug_frame   0x0000000000001608      0x14c Drivers/STM32F4xx_HAL_Driver/Src/stm32f4xx_hal_pwr_ex.o
 .debug_frame   0x0000000000001754      0x1f0 Drivers/STM32F4xx_HAL_Driver/Src/stm32f4xx_hal_rcc.o
 .debug_frame   0x0000000000001944      0x378 Src/as7265x.o
 .debug_frame   0x0000000000001cbc       0xcc Src/main.o
 .debug_frame   0x0000000000001d88       0x80 Src/stm32f4xx_hal_msp.o
 .debug_frame   0x0000000000001e08      0x10c Src/stm32f4xx_it.o
 .debug_frame   0x0000000000001f14       0x58 Src/system_stm32f4xx.o
 .debug_frame   0x0000000000001f6c       0x2c c:/st/stm32cubeide_1.0.0/stm32cubeide/plugins/com.st.stm32cube.ide.mcu.externaltools.gnu-tools-for-stm32.7-2018-q2-update.win32_1.0.0.201904181610/tools/bin/../lib/gcc/arm-none-eabi/7.3.1/../../../../arm-none-eabi/lib/thumb/v7e-m/fpv4-sp/hard\libc_nano.a(lib_a-init.o)
 .debug_frame   0x0000000000001f98       0x20 c:/st/stm32cubeide_1.0.0/stm32cubeide/plugins/com.st.stm32cube.ide.mcu.externaltools.gnu-tools-for-stm32.7-2018-q2-update.win32_1.0.0.201904181610/tools/bin/../lib/gcc/arm-none-eabi/7.3.1/../../../../arm-none-eabi/lib/thumb/v7e-m/fpv4-sp/hard\libc_nano.a(lib_a-memset.o)
 .debug_frame   0x0000000000001fb8       0x2c c:/st/stm32cubeide_1.0.0/stm32cubeide/plugins/com.st.stm32cube.ide.mcu.externaltools.gnu-tools-for-stm32.7-2018-q2-update.win32_1.0.0.201904181610/tools/bin/../lib/gcc/arm-none-eabi/7.3.1/thumb/v7e-m/fpv4-sp/hard\libgcc.a(_aeabi_uldivmod.o)
 .debug_frame   0x0000000000001fe4       0x34 c:/st/stm32cubeide_1.0.0/stm32cubeide/plugins/com.st.stm32cube.ide.mcu.externaltools.gnu-tools-for-stm32.7-2018-q2-update.win32_1.0.0.201904181610/tools/bin/../lib/gcc/arm-none-eabi/7.3.1/thumb/v7e-m/fpv4-sp/hard\libgcc.a(_udivmoddi4.o)
