as7265x.c:79:9:as7265x_vreg_read.constprop	48	static
as7265x.c:48:6:as7265x_vreg_write.constprop	56	static
as7265x.c:28:9:i2cm_read	32	static
as7265x.c:39:6:i2cm_write	32	static
as7265x.c:48:6:as7265x_vreg_write	56	static
as7265x.c:79:9:as7265x_vreg_read	48	static
as7265x.c:126:5:as7265x_is_data_available	8	static
as7265x.c:137:6:as7265x_device_select	0	static
as7265x.c:147:6:as7265x_set_gain	8	static
as7265x.c:161:6:as7265x_set_integration_time	0	static
as7265x.c:172:6:as7265x_set_bulb_current	8	static
as7265x.c:187:6:as7265x_bulb_enable	8	static
as7265x.c:197:6:as7265x_bulb_disable	8	static
as7265x.c:206:6:as7265x_indicator_enable	8	static
as7265x.c:214:6:as7265x_indicator_disable	8	static
as7265x.c:227:6:as7265x_set_measurement_mode	8	static
as7265x.c:238:7:as7265x_get_calibrated_value	16	static
as7265x.c:260:5:as7265x_get_raw_value	16	static
as7265x.c:273:6:as7265x_get_all_calibrated_values	32	static
as7265x.c:295:6:as7265x_get_all_raw_values	32	static
as7265x.c:313:6:as7265x_order_calibrated_channels	80	static
as7265x.c:325:6:as7265x_order_raw_channels	56	static
as7265x.c:338:6:as7265x_measure	8	static
as7265x.c:354:6:as7265x_soft_reset	0	static
as7265x.c:360:23:as7265x_get_unordered_channel_wavelengths	88	static
as7265x.c:371:23:as7265x_get_ordered_channel_wavelengths	88	static
