as7265x.c:28:9:i2cm_read	40	static
as7265x.c:39:6:i2cm_write	40	static
as7265x.c:48:6:as7265x_vreg_write	56	static
as7265x.c:79:9:as7265x_vreg_read	48	static
as7265x.c:127:5:as7265x_is_data_available	8	static
as7265x.c:138:6:as7265x_device_select	0	static
as7265x.c:148:6:as7265x_set_gain	16	static
as7265x.c:162:6:as7265x_set_integration_time	0	static
as7265x.c:173:6:as7265x_set_bulb_current	16	static
as7265x.c:188:6:as7265x_bulb_enable	8	static
as7265x.c:198:6:as7265x_bulb_disable	8	static
as7265x.c:207:6:as7265x_indicator_enable	8	static
as7265x.c:215:6:as7265x_indicator_disable	8	static
as7265x.c:228:6:as7265x_set_measurement_mode	16	static
as7265x.c:239:7:as7265x_get_calibrated_value	24	static
as7265x.c:261:5:as7265x_get_raw_value	16	static
as7265x.c:274:6:as7265x_get_all_calibrated_values	40	static
as7265x.c:296:6:as7265x_get_all_raw_values	32	static
as7265x.c:314:6:as7265x_order_calibrated_channels	80	static
as7265x.c:326:6:as7265x_order_raw_channels	56	static
as7265x.c:339:6:as7265x_measure	16	static
as7265x.c:355:6:as7265x_soft_reset	0	static
as7265x.c:361:23:as7265x_get_unordered_channel_wavelengths	88	static
as7265x.c:372:23:as7265x_get_ordered_channel_wavelengths	88	static
