stm32f4xx_hal_msp.c:64:6:HAL_MspInit	16	static
stm32f4xx_hal_msp.c:86:6:HAL_DMA2D_MspInit	24	static
stm32f4xx_hal_msp.c:111:6:HAL_DMA2D_MspDeInit	16	static
stm32f4xx_hal_msp.c:136:6:HAL_I2C_MspInit	48	static
stm32f4xx_hal_msp.c:180:6:HAL_I2C_MspDeInit	16	static
stm32f4xx_hal_msp.c:211:6:HAL_LTDC_MspInit	64	static
stm32f4xx_hal_msp.c:323:6:HAL_LTDC_MspDeInit	16	static
stm32f4xx_hal_msp.c:385:6:HAL_SPI_MspInit	48	static
stm32f4xx_hal_msp.c:422:6:HAL_SPI_MspDeInit	16	static
stm32f4xx_hal_msp.c:452:6:HAL_TIM_Base_MspInit	24	static
stm32f4xx_hal_msp.c:477:6:HAL_TIM_Base_MspDeInit	16	static
stm32f4xx_hal_msp.c:498:13:HAL_FMC_MspInit	32	static
stm32f4xx_hal_msp.c:603:6:HAL_SDRAM_MspInit	16	static
stm32f4xx_hal_msp.c:615:13:HAL_FMC_MspDeInit	8	static
stm32f4xx_hal_msp.c:689:6:HAL_SDRAM_MspDeInit	16	static
