stm32f429i_discovery.c:142:10:BSP_GetVersion	4	static
stm32f429i_discovery.c:154:6:BSP_LED_Init	48	static
stm32f429i_discovery.c:179:6:BSP_LED_On	16	static
stm32f429i_discovery.c:191:6:BSP_LED_Off	16	static
stm32f429i_discovery.c:203:6:BSP_LED_Toggle	16	static
stm32f429i_discovery.c:218:6:BSP_PB_Init	40	static
stm32f429i_discovery.c:255:10:BSP_PB_GetState	16	static
stm32f429i_discovery.c:276:13:SPIx_Init	8	static
stm32f429i_discovery.c:314:17:SPIx_Read	24	static
stm32f429i_discovery.c:335:13:SPIx_Write	24	static
stm32f429i_discovery.c:355:16:SPIx_WriteRead	32	static
stm32f429i_discovery.c:372:13:SPIx_Error	8	static
stm32f429i_discovery.c:385:13:SPIx_MspInit	48	static
stm32f429i_discovery.c:409:6:LCD_IO_Init	40	static
stm32f429i_discovery.c:453:6:LCD_IO_WriteData	16	static
stm32f429i_discovery.c:469:6:LCD_IO_WriteReg	16	static
stm32f429i_discovery.c:488:10:LCD_IO_ReadData	24	static
stm32f429i_discovery.c:515:6:LCD_Delay	16	static
